// Jest Snapshot v1, https://goo.gl/fbAQLP

exports[`renders container 1`] = `
<View
  style={
    Array [
      Object {
        "backgroundColor": "blue",
        "borderColor": "red",
        "borderWidth": 2,
        "paddingHorizontal": 16,
        "width": "100%",
      },
      undefined,
    ]
  }
/>
`;
