// Jest Snapshot v1, https://goo.gl/fbAQLP

exports[`renders FAB 1`] = `
<View
  style={
    Object {
      "elevation": 0,
      "zIndex": 100,
    }
  }
>
  <View
    accessible={true}
    focusable={true}
    onClick={[Function]}
    onResponderGrant={[Function]}
    onResponderMove={[Function]}
    onResponderRelease={[Function]}
    onResponderTerminate={[Function]}
    onResponderTerminationRequest={[Function]}
    onStartShouldSetResponder={[Function]}
    style={
      Object {
        "alignItems": "center",
        "backgroundColor": "transparent",
        "borderColor": "transparent",
        "borderRadius": 24,
        "borderStyle": "solid",
        "borderWidth": 0,
        "justifyContent": "center",
        "opacity": 1,
      }
    }
  >
    <View>
      <View
        style={
          Object {
            "alignItems": "center",
            "flexDirection": "row",
            "justifyContent": "center",
          }
        }
      />
    </View>
  </View>
</View>
`;
