// Jest Snapshot v1, https://goo.gl/fbAQLP

exports[`renders field checkbox 1`] = `
<View
  accessible={true}
  focusable={false}
  onClick={[Function]}
  onResponderGrant={[Function]}
  onResponderMove={[Function]}
  onResponderRelease={[Function]}
  onResponderTerminate={[Function]}
  onResponderTerminationRequest={[Function]}
  onStartShouldSetResponder={[Function]}
  style={
    Object {
      "opacity": 1,
    }
  }
>
  <View>
    <View
      style={
        Object {
          "alignItems": "center",
          "flexDirection": "row",
        }
      }
    >
      <View
        accessibilityLiveRegion="polite"
        accessibilityRole="button"
        accessibilityState={
          Object {
            "disabled": false,
          }
        }
        accessible={true}
        focusable={true}
        onClick={[Function]}
        onResponderGrant={[Function]}
        onResponderMove={[Function]}
        onResponderRelease={[Function]}
        onResponderTerminate={[Function]}
        onResponderTerminationRequest={[Function]}
        onStartShouldSetResponder={[Function]}
        style={
          Object {
            "backgroundColor": "red",
            "borderColor": "rgba(165, 173, 183, 1)",
            "borderRadius": 2,
            "borderWidth": 0,
            "height": 25,
            "opacity": 1,
            "width": 25,
          }
        }
      >
        <View>
          <View
            style={
              Object {
                "opacity": 1,
              }
            }
          />
        </View>
      </View>
      <Text
        style={
          Array [
            Object {
              "backgroundColor": "transparent",
              "fontFamily": "System",
              "fontSize": 16,
              "fontWeight": "400",
              "letterSpacing": 0,
              "lineHeight": 26,
            },
            Object {
              "color": "rgba(70, 78, 88, 1)",
              "marginLeft": 12,
            },
          ]
        }
      />
    </View>
  </View>
</View>
`;
