// Jest Snapshot v1, https://goo.gl/fbAQLP

exports[`renders row body switch 1`] = `
<View
  style={
    Array [
      Object {
        "alignItems": "center",
        "flexDirection": "row",
        "justifyContent": "space-between",
      },
      Object {
        "padding": 16,
      },
      undefined,
    ]
  }
>
  <View
    style={
      Object {
        "flex": 1,
        "flexDirection": "row",
      }
    }
  >
    <View
      style={
        Object {
          "flex": 1,
          "justifyContent": "center",
        }
      }
    >
      <Text
        numberOfLines={1}
        style={
          Array [
            Object {
              "backgroundColor": "transparent",
              "fontFamily": "System",
              "fontSize": 16,
              "fontWeight": "400",
              "letterSpacing": 0,
              "lineHeight": 26,
            },
            Object {
              "color": "rgba(70, 78, 88, 1)",
            },
          ]
        }
      />
    </View>
  </View>
  <RCTSwitch
    accessibilityRole="switch"
    activeTrackColor="rgba(90, 69, 255, 1)"
    onChange={[Function]}
    onResponderTerminationRequest={[Function]}
    onStartShouldSetResponder={[Function]}
    onTintColor="rgba(90, 69, 255, 1)"
    style={
      Array [
        Object {
          "height": 31,
          "width": 51,
        },
        Array [
          Object {
            "opacity": 1,
          },
          undefined,
        ],
      ]
    }
    tintColor=""
    value={true}
  />
</View>
`;
